
> website-rebuilder-ai-pro@2.0.0 dev
> node --watch backend/server.js

Website Rebuilder AI Pro running at http://localhost:4000
Failed running 'backend/server.js'. Waiting for file changes before restarting...
Restarting 'backend/server.js'
Website Rebuilder AI Pro running at http://localhost:4000
Restarting 'backend/server.js'
Failed running 'backend/server.js'. Waiting for file changes before restarting...
Restarting 'backend/server.js'
Website Rebuilder AI Pro running at http://localhost:4000
Restarting 'backend/server.js'
Website Rebuilder AI Pro running at http://localhost:4000
Restarting 'backend/server.js'
Website Rebuilder AI Pro running at http://localhost:4000
Restarting 'backend/server.js'
Website Rebuilder AI Pro running at http://localhost:4000
Restarting 'backend/server.js'
Failed running 'backend/server.js'. Waiting for file changes before restarting...
Restarting 'backend/server.js'
Website Rebuilder AI Pro running at http://localhost:4000
Failed running 'backend/server.js'. Waiting for file changes before restarting...
Restarting 'backend/server.js'
Restarting 'backend/server.js'
Failed running 'backend/server.js'. Waiting for file changes before restarting...
Restarting 'backend/server.js'
Website Rebuilder AI Pro running at http://localhost:4000
Restarting 'backend/server.js'
Website Rebuilder AI Pro running at http://localhost:4000
Restarting 'backend/server.js'
Website Rebuilder AI Pro running at http://localhost:4000
Restarting 'backend/server.js'
Failed running 'backend/server.js'. Waiting for file changes before restarting...
Restarting 'backend/server.js'
Website Rebuilder AI Pro running at http://localhost:4000
Restarting 'backend/server.js'
Website Rebuilder AI Pro running at http://localhost:4000
Restarting 'backend/server.js'
Website Rebuilder AI Pro running at http://localhost:4000
Restarting 'backend/server.js'
Website Rebuilder AI Pro running at http://localhost:4000
Restarting 'backend/server.js'
Website Rebuilder AI Pro running at http://localhost:4000
Restarting 'backend/server.js'
Failed running 'backend/server.js'. Waiting for file changes before restarting...
Restarting 'backend/server.js'
Website Rebuilder AI Pro running at http://localhost:4000
Restarting 'backend/server.js'
Website Rebuilder AI Pro running at http://localhost:4000
Restarting 'backend/server.js'
Failed running 'backend/server.js'. Waiting for file changes before restarting...
Restarting 'backend/server.js'
Failed running 'backend/server.js'. Waiting for file changes before restarting...
Restarting 'backend/server.js'
Failed running 'backend/server.js'. Waiting for file changes before restarting...
Restarting 'backend/server.js'
Failed running 'backend/server.js'. Waiting for file changes before restarting...
Restarting 'backend/server.js'
Failed running 'backend/server.js'. Waiting for file changes before restarting...
Restarting 'backend/server.js'
Failed running 'backend/server.js'. Waiting for file changes before restarting...
Restarting 'backend/server.js'
Failed running 'backend/server.js'. Waiting for file changes before restarting...
Restarting 'backend/server.js'
Failed running 'backend/server.js'. Waiting for file changes before restarting...
Restarting 'backend/server.js'
Website Rebuilder AI Pro running at http://localhost:4000
Restarting 'backend/server.js'
Website Rebuilder AI Pro running at http://localhost:4000
Restarting 'backend/server.js'
Website Rebuilder AI Pro running at http://localhost:4000
Restarting 'backend/server.js'
Failed running 'backend/server.js'. Waiting for file changes before restarting...
