C:\Projects\website-rebuilder-ai\backend\server.js:555
  const reply = buildChatResponse({ message, project });
                ^

TypeError: buildChatResponse is not a function
    at C:\Projects\website-rebuilder-ai\backend\server.js:555:17

Node.js v24.18.0
node:events:487
      throw er; // Unhandled 'error' event
      ^

Error: listen EADDRINUSE: address already in use :::4000
    at Server.setupListenHandle [as _listen2] (node:net:2009:16)
    at listenInCluster (node:net:2066:12)
    at Server.listen (node:net:2171:7)
    at app.listen (C:\Projects\website-rebuilder-ai\node_modules\express\lib\application.js:635:24)
    at start (C:\Projects\website-rebuilder-ai\backend\server.js:820:7)
Emitted 'error' event on Server instance at:
    at emitErrorNT (node:net:2045:8)
    at process.processTicksAndRejections (node:internal/process/task_queues:90:21) {
  code: 'EADDRINUSE',
  errno: -4091,
  syscall: 'listen',
  address: '::',
  port: 4000
}

Node.js v24.18.0
node:internal/modules/cjs/loader:1520
  throw err;
  ^

Error: Cannot find module 'C:\Projects\website-rebuilder-ai\backend\server.js'
    at Module._resolveFilename (node:internal/modules/cjs/loader:1517:15)
    at wrapResolveFilename (node:internal/modules/cjs/loader:1071:27)
    at defaultResolveImplForCJSLoading (node:internal/modules/cjs/loader:1095:10)
    at resolveForCJSWithHooks (node:internal/modules/cjs/loader:1122:12)
    at Module._load (node:internal/modules/cjs/loader:1294:5)
    at wrapModuleLoad (node:internal/modules/cjs/loader:255:19)
    at Module.executeUserEntryPoint [as runMain] (node:internal/modules/run_main:154:5)
    at node:internal/main/run_main_module:33:47 {
  code: 'MODULE_NOT_FOUND',
  requireStack: []
}

Node.js v24.18.0
node:events:487
      throw er; // Unhandled 'error' event
      ^

Error: listen EADDRINUSE: address already in use :::4000
    at Server.setupListenHandle [as _listen2] (node:net:2009:16)
    at listenInCluster (node:net:2066:12)
    at Server.listen (node:net:2171:7)
    at app.listen (C:\Projects\website-rebuilder-ai\node_modules\express\lib\application.js:635:24)
    at start (C:\Projects\website-rebuilder-ai\backend\server.js:26:7)
Emitted 'error' event on Server instance at:
    at emitErrorNT (node:net:2045:8)
    at process.processTicksAndRejections (node:internal/process/task_queues:90:21) {
  code: 'EADDRINUSE',
  errno: -4091,
  syscall: 'listen',
  address: '::',
  port: 4000
}

Node.js v24.18.0
node:events:487
      throw er; // Unhandled 'error' event
      ^

Error: listen EADDRINUSE: address already in use :::4000
    at Server.setupListenHandle [as _listen2] (node:net:2009:16)
    at listenInCluster (node:net:2066:12)
    at Server.listen (node:net:2171:7)
    at app.listen (C:\Projects\website-rebuilder-ai\node_modules\express\lib\application.js:635:24)
    at start (C:\Projects\website-rebuilder-ai\backend\server.js:26:7)
Emitted 'error' event on Server instance at:
    at emitErrorNT (node:net:2045:8)
    at process.processTicksAndRejections (node:internal/process/task_queues:90:21) {
  code: 'EADDRINUSE',
  errno: -4091,
  syscall: 'listen',
  address: '::',
  port: 4000
}

Node.js v24.18.0
node:internal/modules/cjs/loader:1520
  throw err;
  ^

Error: Cannot find module './component-builder'
Require stack:
- C:\Projects\website-rebuilder-ai\backend\project-generator.js
- C:\Projects\website-rebuilder-ai\backend\engine\index.js
- C:\Projects\website-rebuilder-ai\backend\api\routes.js
- C:\Projects\website-rebuilder-ai\backend\server.js
    at Module._resolveFilename (node:internal/modules/cjs/loader:1517:15)
    at wrapResolveFilename (node:internal/modules/cjs/loader:1071:27)
    at defaultResolveImplForCJSLoading (node:internal/modules/cjs/loader:1095:10)
    at resolveForCJSWithHooks (node:internal/modules/cjs/loader:1122:12)
    at Module._load (node:internal/modules/cjs/loader:1294:5)
    at wrapModuleLoad (node:internal/modules/cjs/loader:255:19)
    at Module.require (node:internal/modules/cjs/loader:1617:12)
    at require (node:internal/modules/helpers:153:16)
    at Object.<anonymous> (C:\Projects\website-rebuilder-ai\backend\project-generator.js:12:5)
    at Module._compile (node:internal/modules/cjs/loader:1871:14) {
  code: 'MODULE_NOT_FOUND',
  requireStack: [
    'C:\\Projects\\website-rebuilder-ai\\backend\\project-generator.js',
    'C:\\Projects\\website-rebuilder-ai\\backend\\engine\\index.js',
    'C:\\Projects\\website-rebuilder-ai\\backend\\api\\routes.js',
    'C:\\Projects\\website-rebuilder-ai\\backend\\server.js'
  ]
}

Node.js v24.18.0
C:\Projects\website-rebuilder-ai\backend\project-generator.js:150
- Update component files in the `components/` folder first.
                                 ^^^^^^^^^^

SyntaxError: Unexpected identifier 'components'
    at wrapSafe (node:internal/modules/cjs/loader:1804:18)
    at Module._compile (node:internal/modules/cjs/loader:1845:20)
    at Object..js (node:internal/modules/cjs/loader:2002:10)
    at Module.load (node:internal/modules/cjs/loader:1594:32)
    at Module._load (node:internal/modules/cjs/loader:1396:12)
    at wrapModuleLoad (node:internal/modules/cjs/loader:255:19)
    at Module.require (node:internal/modules/cjs/loader:1617:12)
    at require (node:internal/modules/helpers:153:16)
    at Object.<anonymous> (C:\Projects\website-rebuilder-ai\backend\engine\index.js:6:31)
    at Module._compile (node:internal/modules/cjs/loader:1871:14)

Node.js v24.18.0
C:\Projects\website-rebuilder-ai\backend\project-generator.js:150
- Update component files in the `components/` folder first.
                                 ^^^^^^^^^^

SyntaxError: Unexpected identifier 'components'
    at wrapSafe (node:internal/modules/cjs/loader:1804:18)
    at Module._compile (node:internal/modules/cjs/loader:1845:20)
    at Object..js (node:internal/modules/cjs/loader:2002:10)
    at Module.load (node:internal/modules/cjs/loader:1594:32)
    at Module._load (node:internal/modules/cjs/loader:1396:12)
    at wrapModuleLoad (node:internal/modules/cjs/loader:255:19)
    at Module.require (node:internal/modules/cjs/loader:1617:12)
    at require (node:internal/modules/helpers:153:16)
    at Object.<anonymous> (C:\Projects\website-rebuilder-ai\backend\engine\index.js:6:31)
    at Module._compile (node:internal/modules/cjs/loader:1871:14)

Node.js v24.18.0
C:\Projects\website-rebuilder-ai\backend\project-generator.js:150
- Update component files in the `components/` folder first.
                                 ^^^^^^^^^^

SyntaxError: Unexpected identifier 'components'
    at wrapSafe (node:internal/modules/cjs/loader:1804:18)
    at Module._compile (node:internal/modules/cjs/loader:1845:20)
    at Object..js (node:internal/modules/cjs/loader:2002:10)
    at Module.load (node:internal/modules/cjs/loader:1594:32)
    at Module._load (node:internal/modules/cjs/loader:1396:12)
    at wrapModuleLoad (node:internal/modules/cjs/loader:255:19)
    at Module.require (node:internal/modules/cjs/loader:1617:12)
    at require (node:internal/modules/helpers:153:16)
    at Object.<anonymous> (C:\Projects\website-rebuilder-ai\backend\engine\index.js:6:31)
    at Module._compile (node:internal/modules/cjs/loader:1871:14)

Node.js v24.18.0
C:\Projects\website-rebuilder-ai\backend\project-generator.js:150
- Update component files in the `components/` folder first.
                                 ^^^^^^^^^^

SyntaxError: Unexpected identifier 'components'
    at wrapSafe (node:internal/modules/cjs/loader:1804:18)
    at Module._compile (node:internal/modules/cjs/loader:1845:20)
    at Object..js (node:internal/modules/cjs/loader:2002:10)
    at Module.load (node:internal/modules/cjs/loader:1594:32)
    at Module._load (node:internal/modules/cjs/loader:1396:12)
    at wrapModuleLoad (node:internal/modules/cjs/loader:255:19)
    at Module.require (node:internal/modules/cjs/loader:1617:12)
    at require (node:internal/modules/helpers:153:16)
    at Object.<anonymous> (C:\Projects\website-rebuilder-ai\backend\engine\index.js:6:31)
    at Module._compile (node:internal/modules/cjs/loader:1871:14)

Node.js v24.18.0
C:\Projects\website-rebuilder-ai\backend\project-generator.js:150
- Update component files in the `components/` folder first.
                                 ^^^^^^^^^^

SyntaxError: Unexpected identifier 'components'
    at wrapSafe (node:internal/modules/cjs/loader:1804:18)
    at Module._compile (node:internal/modules/cjs/loader:1845:20)
    at Object..js (node:internal/modules/cjs/loader:2002:10)
    at Module.load (node:internal/modules/cjs/loader:1594:32)
    at Module._load (node:internal/modules/cjs/loader:1396:12)
    at wrapModuleLoad (node:internal/modules/cjs/loader:255:19)
    at Module.require (node:internal/modules/cjs/loader:1617:12)
    at require (node:internal/modules/helpers:153:16)
    at Object.<anonymous> (C:\Projects\website-rebuilder-ai\backend\engine\index.js:6:31)
    at Module._compile (node:internal/modules/cjs/loader:1871:14)

Node.js v24.18.0
C:\Projects\website-rebuilder-ai\backend\project-generator.js:150
- Update component files in the `components/` folder first.
                                 ^^^^^^^^^^

SyntaxError: Unexpected identifier 'components'
    at wrapSafe (node:internal/modules/cjs/loader:1804:18)
    at Module._compile (node:internal/modules/cjs/loader:1845:20)
    at Object..js (node:internal/modules/cjs/loader:2002:10)
    at Module.load (node:internal/modules/cjs/loader:1594:32)
    at Module._load (node:internal/modules/cjs/loader:1396:12)
    at wrapModuleLoad (node:internal/modules/cjs/loader:255:19)
    at Module.require (node:internal/modules/cjs/loader:1617:12)
    at require (node:internal/modules/helpers:153:16)
    at Object.<anonymous> (C:\Projects\website-rebuilder-ai\backend\engine\index.js:6:31)
    at Module._compile (node:internal/modules/cjs/loader:1871:14)

Node.js v24.18.0
C:\Projects\website-rebuilder-ai\backend\project-generator.js:150
- Update component files in the `components/` folder first.
                                 ^^^^^^^^^^

SyntaxError: Unexpected identifier 'components'
    at wrapSafe (node:internal/modules/cjs/loader:1804:18)
    at Module._compile (node:internal/modules/cjs/loader:1845:20)
    at Object..js (node:internal/modules/cjs/loader:2002:10)
    at Module.load (node:internal/modules/cjs/loader:1594:32)
    at Module._load (node:internal/modules/cjs/loader:1396:12)
    at wrapModuleLoad (node:internal/modules/cjs/loader:255:19)
    at Module.require (node:internal/modules/cjs/loader:1617:12)
    at require (node:internal/modules/helpers:153:16)
    at Object.<anonymous> (C:\Projects\website-rebuilder-ai\backend\engine\index.js:6:31)
    at Module._compile (node:internal/modules/cjs/loader:1871:14)

Node.js v24.18.0
C:\Projects\website-rebuilder-ai\backend\project-generator.js:150
- Update component files in the `components/` folder first.
                                 ^^^^^^^^^^

SyntaxError: Unexpected identifier 'components'
    at wrapSafe (node:internal/modules/cjs/loader:1804:18)
    at Module._compile (node:internal/modules/cjs/loader:1845:20)
    at Object..js (node:internal/modules/cjs/loader:2002:10)
    at Module.load (node:internal/modules/cjs/loader:1594:32)
    at Module._load (node:internal/modules/cjs/loader:1396:12)
    at wrapModuleLoad (node:internal/modules/cjs/loader:255:19)
    at Module.require (node:internal/modules/cjs/loader:1617:12)
    at require (node:internal/modules/helpers:153:16)
    at Object.<anonymous> (C:\Projects\website-rebuilder-ai\backend\engine\index.js:6:31)
    at Module._compile (node:internal/modules/cjs/loader:1871:14)

Node.js v24.18.0
node:events:487
      throw er; // Unhandled 'error' event
      ^

Error: listen EADDRINUSE: address already in use :::4000
    at Server.setupListenHandle [as _listen2] (node:net:2009:16)
    at listenInCluster (node:net:2066:12)
    at Server.listen (node:net:2171:7)
    at app.listen (C:\Projects\website-rebuilder-ai\node_modules\express\lib\application.js:635:24)
    at start (C:\Projects\website-rebuilder-ai\backend\server.js:26:7)
Emitted 'error' event on Server instance at:
    at emitErrorNT (node:net:2045:8)
    at process.processTicksAndRejections (node:internal/process/task_queues:90:21) {
  code: 'EADDRINUSE',
  errno: -4091,
  syscall: 'listen',
  address: '::',
  port: 4000
}

Node.js v24.18.0
